Component: ARM Compiler 5.06 update 7 (build 960) Tool: armlink [4d3601]

==============================================================================

Section Cross References

    startup_stm32f10x_hd.o(RESET) refers to startup_stm32f10x_hd.o(STACK) for __initial_sp
    startup_stm32f10x_hd.o(RESET) refers to startup_stm32f10x_hd.o(.text) for Reset_Handler
    startup_stm32f10x_hd.o(RESET) refers to stm32f10x_it.o(.text) for NMI_Handler
    startup_stm32f10x_hd.o(RESET) refers to exti.o(.text) for EXTI9_5_IRQHandler
    startup_stm32f10x_hd.o(RESET) refers to timer.o(.text) for TIM3_IRQHandler
    startup_stm32f10x_hd.o(RESET) refers to usart1.o(.text) for USART1_IRQHandler
    startup_stm32f10x_hd.o(RESET) refers to usart2.o(.text) for USART2_IRQHandler
    startup_stm32f10x_hd.o(.text) refers to system_stm32f10x.o(.text) for SystemInit
    startup_stm32f10x_hd.o(.text) refers to entry.o(.ARM.Collect$$$$00000000) for __main
    system_stm32f10x.o(.text) refers to system_stm32f10x.o(.data) for SystemCoreClock
    stm32f10x_adc.o(.text) refers to stm32f10x_rcc.o(.text) for RCC_APB2PeriphResetCmd
    stm32f10x_bkp.o(.text) refers to stm32f10x_rcc.o(.text) for RCC_BackupResetCmd
    stm32f10x_can.o(.text) refers to stm32f10x_rcc.o(.text) for RCC_APB1PeriphResetCmd
    stm32f10x_cec.o(.text) refers to stm32f10x_rcc.o(.text) for RCC_APB1PeriphResetCmd
    stm32f10x_dac.o(.text) refers to stm32f10x_rcc.o(.text) for RCC_APB1PeriphResetCmd
    stm32f10x_gpio.o(.text) refers to stm32f10x_rcc.o(.text) for RCC_APB2PeriphResetCmd
    stm32f10x_i2c.o(.text) refers to stm32f10x_rcc.o(.text) for RCC_APB1PeriphResetCmd
    stm32f10x_pwr.o(.text) refers to stm32f10x_rcc.o(.text) for RCC_APB1PeriphResetCmd
    stm32f10x_rcc.o(.text) refers to stm32f10x_rcc.o(.data) for APBAHBPrescTable
    stm32f10x_spi.o(.text) refers to stm32f10x_rcc.o(.text) for RCC_APB2PeriphResetCmd
    stm32f10x_tim.o(.text) refers to stm32f10x_rcc.o(.text) for RCC_APB2PeriphResetCmd
    stm32f10x_usart.o(.text) refers to stm32f10x_rcc.o(.text) for RCC_APB2PeriphResetCmd
    stm32f10x_wwdg.o(.text) refers to stm32f10x_rcc.o(.text) for RCC_APB1PeriphResetCmd
    main.o(.text) refers to timer.o(.text) for TIM3_Int_Init
    main.o(.text) refers to usart2.o(.text) for usart2_init
    main.o(.text) refers to memseta.o(.text) for __aeabi_memclr
    main.o(.text) refers to gizwits_protocol.o(.text) for gizwitsInit
    main.o(.text) refers to sys.o(.text) for delay_init
    main.o(.text) refers to misc.o(.text) for NVIC_PriorityGroupConfig
    main.o(.text) refers to beep.o(.text) for BEEP_Init
    main.o(.text) refers to led.o(.text) for LED_Init
    main.o(.text) refers to iic.o(.text) for IIC_Init
    main.o(.text) refers to oled.o(.text) for OLED_Init
    main.o(.text) refers to hx711.o(.text) for HX711_GPIO_Init
    main.o(.text) refers to exti.o(.text) for EXTIX_Init
    main.o(.text) refers to motor.o(.text) for Motor_Init
    main.o(.text) refers to usart1.o(.text) for uart1_init
    main.o(.text) refers to printf8.o(i.__0sprintf$8) for __2sprintf
    main.o(.text) refers to gizwits_product.o(.text) for userHandle
    main.o(.text) refers to gizwits_product.o(.bss) for currentDataPoint
    main.o(.text) refers to main.o(.data) for people_sum
    main.o(.text) refers to main.o(.bss) for buff
    sys.o(.text) refers to misc.o(.text) for SysTick_CLKSourceConfig
    sys.o(.text) refers to system_stm32f10x.o(.data) for SystemCoreClock
    sys.o(.text) refers to sys.o(.data) for fac_us
    usart2.o(.text) refers to stm32f10x_rcc.o(.text) for RCC_APB2PeriphClockCmd
    usart2.o(.text) refers to stm32f10x_usart.o(.text) for USART_DeInit
    usart2.o(.text) refers to stm32f10x_gpio.o(.text) for GPIO_Init
    usart2.o(.text) refers to misc.o(.text) for NVIC_Init
    usart2.o(.text) refers to printfa.o(i.__0vsprintf) for __c89vsprintf
    usart2.o(.text) refers to strlen.o(.text) for strlen
    usart2.o(.text) refers to gizwits_protocol.o(.text) for gizPutData
    usart2.o(.text) refers to usart2.o(.bss) for USART2_TX_BUF
    usart1.o(.text) refers to stm32f10x_rcc.o(.text) for RCC_APB2PeriphClockCmd
    usart1.o(.text) refers to stm32f10x_gpio.o(.text) for GPIO_Init
    usart1.o(.text) refers to misc.o(.text) for NVIC_Init
    usart1.o(.text) refers to stm32f10x_usart.o(.text) for USART_Init
    oled.o(.text) refers to iic.o(.text) for IIC_Start
    oled.o(.text) refers to oled.o(.constdata) for F8X16
    oled.o(.text) refers to oled.o(.data) for Hzk
    adc.o(.text) refers to stm32f10x_rcc.o(.text) for RCC_APB2PeriphClockCmd
    adc.o(.text) refers to stm32f10x_gpio.o(.text) for GPIO_Init
    adc.o(.text) refers to stm32f10x_adc.o(.text) for ADC_DeInit
    adc.o(.text) refers to printf8.o(i.__0printf$8) for __2printf
    adc.o(.text) refers to adc.o(.data) for i
    adc.o(.text) refers to adc.o(.bss) for AD_Val_LB
    beep.o(.text) refers to stm32f10x_rcc.o(.text) for RCC_APB2PeriphClockCmd
    beep.o(.text) refers to stm32f10x_gpio.o(.text) for GPIO_Init
[...]
    dfixul.o(.text) refers to llshl.o(.text) for __aeabi_llsl
    init.o(.text) refers to entry5.o(.ARM.Collect$$$$00000004) for __main_after_scatterload
    depilogue.o(.text) refers to llshl.o(.text) for __aeabi_llsl
    depilogue.o(.text) refers to llushr.o(.text) for __aeabi_llsr


==============================================================================

Removing Unused input sections from the image.

    Removing startup_stm32f10x_hd.o(HEAP), (512 bytes).
    Removing core_cm3.o(.emb_text), (32 bytes).
    Removing stm32f10x_adc.o(.text), (1102 bytes).
    Removing stm32f10x_bkp.o(.text), (196 bytes).
    Removing stm32f10x_can.o(.text), (2544 bytes).
    Removing stm32f10x_cec.o(.text), (288 bytes).
    Removing stm32f10x_crc.o(.text), (72 bytes).
    Removing stm32f10x_dac.o(.text), (396 bytes).
    Removing stm32f10x_dbgmcu.o(.text), (48 bytes).
    Removing stm32f10x_dma.o(.text), (596 bytes).
    Removing stm32f10x_flash.o(.text), (1468 bytes).
    Removing stm32f10x_fsmc.o(.text), (1548 bytes).
    Removing stm32f10x_i2c.o(.text), (1028 bytes).
    Removing stm32f10x_iwdg.o(.text), (64 bytes).
    Removing stm32f10x_pwr.o(.text), (204 bytes).
    Removing stm32f10x_rtc.o(.text), (328 bytes).
    Removing stm32f10x_sdio.o(.text), (468 bytes).
    Removing stm32f10x_spi.o(.text), (780 bytes).
    Removing stm32f10x_wwdg.o(.text), (136 bytes).
    Removing usart2.o(.data), (2 bytes).
    Removing usart1.o(.bss), (220 bytes).
    Removing adc.o(.text), (504 bytes).
    Removing adc.o(.bss), (48 bytes).
    Removing adc.o(.data), (8 bytes).

24 unused section(s) (total 12592 bytes) removed from the image.

==============================================================================

Image Symbol Table

    Local Symbols

    Symbol Name                              Value     Ov Type        Size  Object(Section)

    ../clib/../cmprslib/zerorunl2.c          0x00000000   Number         0  __dczerorl2.o ABSOLUTE
    ../clib/microlib/ctype/toupper.c         0x00000000   Number         0  toupper.o ABSOLUTE
    ../clib/microlib/division.c              0x00000000   Number         0  uidiv.o ABSOLUTE
    ../clib/microlib/division.c              0x00000000   Number         0  uldiv.o ABSOLUTE
    ../clib/microlib/init/entry.s            0x00000000   Number         0  entry10b.o ABSOLUTE
    ../clib/microlib/init/entry.s            0x00000000   Number         0  entry10a.o ABSOLUTE
    ../clib/microlib/init/entry.s            0x00000000   Number         0  entry.o ABSOLUTE
    ../clib/microlib/init/entry.s            0x00000000   Number         0  entry11a.o ABSOLUTE
    ../clib/microlib/init/entry.s            0x00000000   Number         0  entry11b.o ABSOLUTE
    ../clib/microlib/init/entry.s            0x00000000   Number         0  entry9b.o ABSOLUTE
    ../clib/microlib/init/entry.s            0x00000000   Number         0  entry12a.o ABSOLUTE
    ../clib/microlib/init/entry.s            0x00000000   Number         0  entry8a.o ABSOLUTE
    ../clib/microlib/init/entry.s            0x00000000   Number         0  entry7b.o ABSOLUTE
    ../clib/microlib/init/entry.s            0x00000000   Number         0  entry9a.o ABSOLUTE
    ../clib/microlib/init/entry.s            0x00000000   Number         0  entry8b.o ABSOLUTE
    ../clib/microlib/init/entry.s            0x00000000   Number         0  entry12b.o ABSOLUTE
    ../clib/microlib/init/entry.s            0x00000000   Number         0  entry7a.o ABSOLUTE
    ../clib/microlib/init/entry.s            0x00000000   Number         0  entry2.o ABSOLUTE
    ../clib/microlib/init/entry.s            0x00000000   Number         0  entry5.o ABSOLUTE
    ../clib/microlib/longlong.c              0x00000000   Number         0  llsshr.o ABSOLUTE
    ../clib/microlib/longlong.c              0x00000000   Number         0  llshl.o ABSOLUTE
    ../clib/microlib/longlong.c              0x00000000   Number         0  llushr.o ABSOLUTE
    ../clib/microlib/printf/printf.c         0x00000000   Number         0  printf7.o ABSOLUTE
    ../clib/microlib/printf/printf.c         0x00000000   Number         0  printfb.o ABSOLUTE
    ../clib/microlib/printf/printf.c         0x00000000   Number         0  printf0.o ABSOLUTE
    ../clib/microlib/printf/printf.c         0x00000000   Number         0  printfa.o ABSOLUTE
    ../clib/microlib/printf/printf.c         0x00000000   Number         0  printf4.o ABSOLUTE
    ../clib/microlib/printf/printf.c         0x00000000   Number         0  printf8.o ABSOLUTE
    ../clib/microlib/printf/printf.c         0x00000000   Number         0  printf1.o ABSOLUTE
    ../clib/microlib/printf/printf.c         0x00000000   Number         0  printf2.o ABSOLUTE
    ../clib/microlib/printf/printf.c         0x00000000   Number         0  printf5.o ABSOLUTE
    ../clib/microlib/printf/printf.c         0x00000000   Number         0  printf6.o ABSOLUTE
    ../clib/microlib/printf/printf.c         0x00000000   Number         0  printf3.o ABSOLUTE
    ../clib/microlib/printf/stubs.s          0x00000000   Number         0  stubs.o ABSOLUTE
    ../clib/microlib/string/memcpy.c         0x00000000   Number         0  memcpyb.o ABSOLUTE
    ../clib/microlib/string/memcpy.c         0x00000000   Number         0  memcpya.o ABSOLUTE
    ../clib/microlib/string/memset.c         0x00000000   Number         0  memseta.o ABSOLUTE
    ../clib/microlib/string/strlen.c         0x00000000   Number         0  strlen.o ABSOLUTE
    ../clib/microlib/stubs.s                 0x00000000   Number         0  useno.o ABSOLUTE
    ../clib/microlib/stubs.s                 0x00000000   Number         0  iusefp.o ABSOLUTE
    ../fplib/microlib/fpadd.c                0x00000000   Number         0  fadd.o ABSOLUTE
    ../fplib/microlib/fpadd.c                0x00000000   Number         0  dadd.o ABSOLUTE
    ../fplib/microlib/fpdiv.c                0x00000000   Number         0  fdiv.o ABSOLUTE
    ../fplib/microlib/fpdiv.c                0x00000000   Number         0  ddiv.o ABSOLUTE
    ../fplib/microlib/fpepilogue.c           0x00000000   Number         0  fepilogue.o ABSOLUTE
    ../fplib/microlib/fpepilogue.c           0x00000000   Number         0  depilogue.o ABSOLUTE
    ../fplib/microlib/fpfix.c                0x00000000   Number         0  ffixui.o ABSOLUTE
    ../fplib/microlib/fpfix.c                0x00000000   Number         0  dfixul.o ABSOLUTE
    ../fplib/microlib/fpflt.c                0x00000000   Number         0  ffltui.o ABSOLUTE
    ../fplib/microlib/fpmul.c                0x00000000   Number         0  dmul.o ABSOLUTE
    ../fplib/microlib/fpmul.c                0x00000000   Number         0  fmul.o ABSOLUTE
    ..\HARDWARE\ADC\ADC.c                    0x00000000   Number         0  adc.o ABSOLUTE
    ..\HARDWARE\BEEP\beep.c                  0x00000000   Number         0  beep.o ABSOLUTE
    ..\HARDWARE\EXTI\EXTI.c                  0x00000000   Number         0  exti.o ABSOLUTE
    ..\HARDWARE\Gizwits\gizwits_product.c    0x00000000   Number         0  gizwits_product.o ABSOLUTE
    ..\HARDWARE\Gizwits\gizwits_protocol.c   0x00000000   Number         0  gizwits_protocol.o ABSOLUTE
    ..\HARDWARE\HX711\HX711.c                0x00000000   Number         0  hx711.o ABSOLUTE
    ..\HARDWARE\IIC\iic.c                    0x00000000   Number         0  iic.o ABSOLUTE
    ..\HARDWARE\KEY\key.c                    0x00000000   Number         0  key.o ABSOLUTE
    ..\HARDWARE\LED\led.c                    0x00000000   Number         0  led.o ABSOLUTE
    ..\HARDWARE\MOTOR\motor.c                0x00000000   Number         0  motor.o ABSOLUTE
    ..\HARDWARE\OLED\oled.c                  0x00000000   Number         0  oled.o ABSOLUTE
    ..\HARDWARE\SENSOR\sensor.c              0x00000000   Number         0  sensor.o ABSOLUTE
    ..\HARDWARE\TIME\timer.c                 0x00000000   Number         0  timer.o ABSOLUTE
    ..\HARDWARE\Utils\common.c               0x00000000   Number         0  common.o ABSOLUTE
    ..\HARDWARE\Utils\dataPointTools.c       0x00000000   Number         0  datapointtools.o ABSOLUTE
    ..\HARDWARE\Utils\ringbuffer.c           0x00000000   Number         0  ringbuffer.o ABSOLUTE
    ..\Libraries\CMSIS\core_cm3.c            0x00000000   Number         0  core_cm3.o ABSOLUTE
    ..\Libraries\CMSIS\startup\startup_stm32f10x_hd.s 0x00000000   Number         0  startup_stm32f10x_hd.o ABSOLUTE
    ..\Libraries\CMSIS\system_stm32f10x.c    0x00000000   Number         0  system_stm32f10x.o ABSOLUTE
    ..\Libraries\FWlib\src\misc.c            0x00000000   Number         0  misc.o ABSOLUTE
    ..\Libraries\FWlib\src\stm32f10x_adc.c   0x00000000   Number         0  stm32f10x_adc.o ABSOLUTE
    ..\Libraries\FWlib\src\stm32f10x_bkp.c   0x00000000   Number         0  stm32f10x_bkp.o ABSOLUTE
    ..\Libraries\FWlib\src\stm32f10x_can.c   0x00000000   Number         0  stm32f10x_can.o ABSOLUTE
    ..\Libraries\FWlib\src\stm32f10x_cec.c   0x00000000   Number         0  stm32f10x_cec.o ABSOLUTE
    ..\Libraries\FWlib\src\stm32f10x_crc.c   0x00000000   Number         0  stm32f10x_crc.o ABSOLUTE
    ..\Libraries\FWlib\src\stm32f10x_dac.c   0x00000000   Number         0  stm32f10x_dac.o ABSOLUTE
    ..\Libraries\FWlib\src\stm32f10x_dbgmcu.c 0x00000000   Number         0  stm32f10x_dbgmcu.o ABSOLUTE
    ..\Libraries\FWlib\src\stm32f10x_dma.c   0x00000000   Number         0  stm32f10x_dma.o ABSOLUTE
    ..\Libraries\FWlib\src\stm32f10x_exti.c  0x00000000   Number         0  stm32f10x_exti.o ABSOLUTE
    ..\Libraries\FWlib\src\stm32f10x_flash.c 0x00000000   Number         0  stm32f10x_flash.o ABSOLUTE
    ..\Libraries\FWlib\src\stm32f10x_fsmc.c  0x00000000   Number         0  stm32f10x_fsmc.o ABSOLUTE
    ..\Libraries\FWlib\src\stm32f10x_gpio.c  0x00000000   Number         0  stm32f10x_gpio.o ABSOLUTE
    ..\Libraries\FWlib\src\stm32f10x_i2c.c   0x00000000   Number         0  stm32f10x_i2c.o ABSOLUTE
    ..\Libraries\FWlib\src\stm32f10x_iwdg.c  0x00000000   Number         0  stm32f10x_iwdg.o ABSOLUTE
    ..\Libraries\FWlib\src\stm32f10x_pwr.c   0x00000000   Number         0  stm32f10x_pwr.o ABSOLUTE
    ..\Libraries\FWlib\src\stm32f10x_rcc.c   0x00000000   Number         0  stm32f10x_rcc.o ABSOLUTE
    ..\Libraries\FWlib\src\stm32f10x_rtc.c   0x00000000   Number         0  stm32f10x_rtc.o ABSOLUTE
    ..\Libraries\FWlib\src\stm32f10x_sdio.c  0x00000000   Number         0  stm32f10x_sdio.o ABSOLUTE
    ..\Libraries\FWlib\src\stm32f10x_spi.c   0x00000000   Number         0  stm32f10x_spi.o ABSOLUTE
    ..\Libraries\FWlib\src\stm32f10x_tim.c   0x00000000   Number         0  stm32f10x_tim.o ABSOLUTE
    ..\Libraries\FWlib\src\stm32f10x_usart.c 0x00000000   Number         0  stm32f10x_usart.o ABSOLUTE
    ..\Libraries\FWlib\src\stm32f10x_wwdg.c  0x00000000   Number         0  stm32f10x_wwdg.o ABSOLUTE
    ..\SYSTEM\sys\sys.c                      0x00000000   Number         0  sys.o ABSOLUTE
    ..\SYSTEM\usart\usart1.c                 0x00000000   Number         0  usart1.o ABSOLUTE
    ..\SYSTEM\usart\usart2.c                 0x00000000   Number         0  usart2.o ABSOLUTE
    ..\User\main.c                           0x00000000   Number         0  main.o ABSOLUTE
    ..\User\stm32f10x_it.c                   0x00000000   Number         0  stm32f10x_it.o ABSOLUTE
    ..\\Libraries\\CMSIS\\core_cm3.c         0x00000000   Number         0  core_cm3.o ABSOLUTE
    cdrcmple.s                               0x00000000   Number         0  cdrcmple.o ABSOLUTE
    dc.s                                     0x00000000   Number         0  dc.o ABSOLUTE
    handlers.s                               0x00000000   Number         0  handlers.o ABSOLUTE
    init.s                                   0x00000000   Number         0  init.o ABSOLUTE
    RESET                                    0x08000000   Section      304  startup_stm32f10x_hd.o(RESET)
    .ARM.Collect$$$$00000000                 0x08000130   Section        0  entry.o(.ARM.Collect$$$$00000000)
    .ARM.Collect$$$$00000001                 0x08000130   Section        4  entry2.o(.ARM.Collect$$$$00000001)
    .ARM.Collect$$$$00000004                 0x08000134   Section        4  entry5.o(.ARM.Collect$$$$00000004)
    .ARM.Collect$$$$00000008                 0x08000138   Section        0  entry7b.o(.ARM.Collect$$$$00000008)
    .ARM.Collect$$$$0000000A                 0x08000138   Section        0  entry8b.o(.ARM.Collect$$$$0000000A)
    .ARM.Collect$$$$0000000B                 0x08000138   Section        8  entry9a.o(.ARM.Collect$$$$0000000B)
    .ARM.Collect$$$$0000000E                 0x08000140   Section        4  entry12b.o(.ARM.Collect$$$$0000000E)
    .ARM.Collect$$$$0000000F                 0x08000144   Section        0  entry10a.o(.ARM.Collect$$$$0000000F)
    .ARM.Collect$$$$00000011                 0x08000144   Section        0  entry11a.o(.ARM.Collect$$$$00000011)
    .ARM.Collect$$$$00002712                 0x08000144   Section        4  entry2.o(.ARM.Collect$$$$00002712)
    __lit__00000000                          0x08000144   Data           4  entry2.o(.ARM.Collect$$$$00002712)
    .text                                    0x08000148   Section       36  startup_stm32f10x_hd.o(.text)
    .text                                    0x0800016c   Section        0  system_stm32f10x.o(.text)
    SetSysClockTo72                          0x0800016d   Thumb Code   214  system_stm32f10x.o(.text)
    SetSysClock                              0x08000243   Thumb Code     8  system_stm32f10x.o(.text)
    .text                                    0x0800034c   Section        0  misc.o(.text)
    .text                                    0x08000428   Section        0  stm32f10x_exti.o(.text)
    .text                                    0x08000544   Section        0  stm32f10x_gpio.o(.text)
    .text                                    0x080008a0   Section        0  stm32f10x_rcc.o(.text)
    .text                                    0x08000c44   Section        0  stm32f10x_tim.o(.text)
    TI4_Config                               0x080010eb   Thumb Code   130  stm32f10x_tim.o(.text)
    TI3_Config                               0x0800117f   Thumb Code   122  stm32f10x_tim.o(.text)
    TI2_Config                               0x08001213   Thumb Code   130  stm32f10x_tim.o(.text)
    TI1_Config                               0x080012a7   Thumb Code   108  stm32f10x_tim.o(.text)
    .text                                    0x08001a60   Section        0  stm32f10x_usart.o(.text)
    .text                                    0x08001e68   Section        0  main.o(.text)
    .text                                    0x080020f4   Section        0  stm32f10x_it.o(.text)
    .text                                    0x0800210c   Section        0  sys.o(.text)
    .text                                    0x08002214   Section        0  usart2.o(.text)
    .text                                    0x08002380   Section        0  usart1.o(.text)
    .text                                    0x08002464   Section        0  oled.o(.text)
    .text                                    0x0800295c   Section        0  beep.o(.text)
    .text                                    0x08002994   Section        0  iic.o(.text)
    .text                                    0x08002d3c   Section        0  key.o(.text)
    .text                                    0x08002d68   Section        0  led.o(.text)
    .text                                    0x08002db4   Section        0  motor.o(.text)
    .text                                    0x08002f0c   Section        0  timer.o(.text)
    .text                                    0x08003004   Section        0  sensor.o(.text)
    .text                                    0x08003030   Section        0  hx711.o(.text)
    .text                                    0x08003230   Section        0  exti.o(.text)
    .text                                    0x080033a4   Section        0  gizwits_product.o(.text)
    .text                                    0x080035ec   Section        0  gizwits_protocol.o(.text)
    gizProtocolHeadInit                      0x08003621   Thumb Code    34  gizwits_protocol.o(.text)
    gizProtocolWaitAck                       0x08003643   Thumb Code    70  gizwits_protocol.o(.text)
    gizDataPoint2Event                       0x08003689   Thumb Code    70  gizwits_protocol.o(.text)
    gizCheckReport                           0x080036cf   Thumb Code   130  gizwits_protocol.o(.text)
    gizDataPoints2ReportData                 0x08003751   Thumb Code   170  gizwits_protocol.o(.text)
    gizProtocolIssuedProcess                 0x080037fb   Thumb Code   218  gizwits_protocol.o(.text)
    gizProtocolIssuedDataAck                 0x080038d5   Thumb Code   892  gizwits_protocol.o(.text)
    gizReportData                            0x08003c51   Thumb Code   138  gizwits_protocol.o(.text)
    gizDevReportPolicy                       0x08003cdb   Thumb Code   128  gizwits_protocol.o(.text)
    gizProtocolGetOnePacket                  0x08003d5b   Thumb Code   380  gizwits_protocol.o(.text)
    gizProtocolResendData                    0x08003ed7   Thumb Code    64  gizwits_protocol.o(.text)
    gizProtocolWaitAckCheck                  0x08003f17   Thumb Code    48  gizwits_protocol.o(.text)
    gizProtocolCommonAck                     0x08003f47   Thumb Code    86  gizwits_protocol.o(.text)
    gizProtocolAckHandle                     0x08003f9d   Thumb Code    94  gizwits_protocol.o(.text)
    gizProtocolGetDeviceInfo                 0x08003ffb   Thumb Code   720  gizwits_protocol.o(.text)
    gizProtocolErrorCmd                      0x080042cb   Thumb Code    92  gizwits_protocol.o(.text)
    gizProtocolNTP                           0x08004327   Thumb Code   112  gizwits_protocol.o(.text)
    gizProtocolReboot                        0x08004397   Thumb Code    28  gizwits_protocol.o(.text)
    gizProtocolModuleStatus                  0x080043b3   Thumb Code  1322  gizwits_protocol.o(.text)
    gizProtocolModuleInfoHandle              0x08004c07   Thumb Code   270  gizwits_protocol.o(.text)
    .text                                    0x08005100   Section        0  common.o(.text)
    isleap                                   0x0800528f   Thumb Code    52  common.o(.text)
    get_yeardays                             0x080052c3   Thumb Code    24  common.o(.text)
    .text                                    0x08005498   Section        0  datapointtools.o(.text)
    .text                                    0x080057e4   Section        0  ringbuffer.o(.text)
    .text                                    0x080059b2   Section        0  toupper.o(.text)
    .text                                    0x080059be   Section        0  memcpya.o(.text)
    .text                                    0x080059e2   Section        0  memseta.o(.text)
    .text                                    0x08005a06   Section        0  strlen.o(.text)
    .text                                    0x08005a14   Section        0  fadd.o(.text)
    .text                                    0x08005ac4   Section        0  fmul.o(.text)
    .text                                    0x08005b28   Section        0  fdiv.o(.text)
    .text                                    0x08005ba4   Section        0  ffltui.o(.text)
    .text                                    0x08005bae   Section        0  ffixui.o(.text)
    .text                                    0x08005bd6   Section        0  uidiv.o(.text)
    .text                                    0x08005c02   Section        0  uldiv.o(.text)
    .text                                    0x08005c64   Section        0  iusefp.o(.text)
    .text                                    0x08005c64   Section        0  fepilogue.o(.text)
    .text                                    0x08005cd2   Section        0  dadd.o(.text)
    .text                                    0x08005e20   Section        0  dmul.o(.text)
    .text                                    0x08005f04   Section        0  ddiv.o(.text)
    .text                                    0x08005fe2   Section        0  dfixul.o(.text)
    .text                                    0x08006014   Section       48  cdrcmple.o(.text)
    .text                                    0x08006044   Section       36  init.o(.text)
    .text                                    0x08006068   Section        0  llshl.o(.text)
    .text                                    0x08006086   Section        0  llushr.o(.text)
    .text                                    0x080060a6   Section        0  llsshr.o(.text)
    .text                                    0x080060ca   Section        0  depilogue.o(.text)
    .text                                    0x08006184   Section        0  __dczerorl2.o(.text)
    i.__0printf$8                            0x080061dc   Section        0  printf8.o(i.__0printf$8)
    i.__0sprintf$8                           0x080061fc   Section        0  printf8.o(i.__0sprintf$8)
    i.__0vsprintf                            0x08006224   Section        0  printfa.o(i.__0vsprintf)
    i.__scatterload_copy                     0x08006248   Section       14  handlers.o(i.__scatterload_copy)
    i.__scatterload_null                     0x08006256   Section        2  handlers.o(i.__scatterload_null)
    i.__scatterload_zeroinit                 0x08006258   Section       14  handlers.o(i.__scatterload_zeroinit)
    i._fp_digits                             0x08006268   Section        0  printfa.o(i._fp_digits)
    _fp_digits                               0x08006269   Thumb Code   366  printfa.o(i._fp_digits)
    i._printf_core                           0x080063ec   Section        0  printf8.o(i._printf_core)
    _printf_core                             0x080063ed   Thumb Code   984  printf8.o(i._printf_core)
    i._printf_core                           0x080067f0   Section        0  printfa.o(i._printf_core)
    _printf_core                             0x080067f1   Thumb Code  1704  printfa.o(i._printf_core)
    i._printf_post_padding                   0x08006ea4   Section        0  printf8.o(i._printf_post_padding)
    _printf_post_padding                     0x08006ea5   Thumb Code    36  printf8.o(i._printf_post_padding)
    i._printf_post_padding                   0x08006ec8   Section        0  printfa.o(i._printf_post_padding)
    _printf_post_padding                     0x08006ec9   Thumb Code    36  printfa.o(i._printf_post_padding)
    i._printf_pre_padding                    0x08006eec   Section        0  printf8.o(i._printf_pre_padding)
    _printf_pre_padding                      0x08006eed   Thumb Code    46  printf8.o(i._printf_pre_padding)
    i._printf_pre_padding                    0x08006f1a   Section        0  printfa.o(i._printf_pre_padding)
    _printf_pre_padding                      0x08006f1b   Thumb Code    46  printfa.o(i._printf_pre_padding)
    i._sputc                                 0x08006f48   Section        0  printf8.o(i._sputc)
    _sputc                                   0x08006f49   Thumb Code    10  printf8.o(i._sputc)
    i._sputc                                 0x08006f52   Section        0  printfa.o(i._sputc)
    _sputc                                   0x08006f53   Thumb Code    10  printfa.o(i._sputc)
    .constdata                               0x08006f5c   Section     2088  oled.o(.constdata)
    .constdata                               0x08007784   Section       48  common.o(.constdata)
    .data                                    0x20000000   Section       20  system_stm32f10x.o(.data)
    .data                                    0x20000014   Section       20  stm32f10x_rcc.o(.data)
    APBAHBPrescTable                         0x20000014   Data          16  stm32f10x_rcc.o(.data)
    ADCPrescTable                            0x20000024   Data           4  stm32f10x_rcc.o(.data)
    .data                                    0x20000028   Section       11  main.o(.data)
    .data                                    0x20000034   Section        4  sys.o(.data)
    fac_us                                   0x20000034   Data           1  sys.o(.data)
    fac_ms                                   0x20000036   Data           2  sys.o(.data)
    .data                                    0x20000038   Section       11  usart1.o(.data)
    i                                        0x20000042   Data           1  usart1.o(.data)
    .data                                    0x20000043   Section     1280  oled.o(.data)
    .data                                    0x20000543   Section        2  timer.o(.data)
    step                                     0x20000543   Data           1  timer.o(.data)
    count                                    0x20000544   Data           1  timer.o(.data)
    .data                                    0x20000548   Section        8  hx711.o(.data)
    .data                                    0x20000550   Section        4  gizwits_product.o(.data)
    timerMsCount                             0x20000550   Data           4  gizwits_product.o(.data)
    .data                                    0x20000554   Section       16  gizwits_protocol.o(.data)
    lastReportTime                           0x20000554   Data           4  gizwits_protocol.o(.data)
    lastRepTime                              0x20000558   Data           4  gizwits_protocol.o(.data)
    protocolFlag                             0x2000055c   Data           1  gizwits_protocol.o(.data)
    protocolCount                            0x2000055e   Data           2  gizwits_protocol.o(.data)
    lastData                                 0x20000560   Data           1  gizwits_protocol.o(.data)
    debugCount                               0x20000561   Data           1  gizwits_protocol.o(.data)
    lastStatus                               0x20000562   Data           2  gizwits_protocol.o(.data)
    .bss                                     0x20000564   Section       30  main.o(.bss)
    .bss                                     0x20000582   Section     1200  usart2.o(.bss)
    .bss                                     0x20000a32   Section       16  gizwits_product.o(.bss)
    .bss                                     0x20000a44   Section      506  gizwits_protocol.o(.bss)
    rbBuf                                    0x20000bd0   Data         110  gizwits_protocol.o(.bss)
    STACK                                    0x20000c40   Section     1024  startup_stm32f10x_hd.o(STACK)

    Global Symbols

    Symbol Name                              Value     Ov Type        Size  Object(Section)

    BuildAttributes$$THM_ISAv4$P$D$K$B$S$PE$A:L22UL41UL21$X:L11$S22US41US21$IEEE1$IW$USESV6$~STKCKD$USESV7$~SHL$OTIME$ROPI$EBA8$MICROLIB$REQ8$PRES8$EABIv2 0x00000000   Number         0  anon$$obj.o ABSOLUTE
    __ARM_use_no_argv                        0x00000000   Number         0  main.o ABSOLUTE
    __use_no_errno                           0x00000000   Number         0  useno.o ABSOLUTE
    __use_no_exception_handling              0x00000000   Number         0  useno.o ABSOLUTE
    __use_no_fp                              0x00000000   Number         0  useno.o ABSOLUTE
    __use_no_heap                            0x00000000   Number         0  useno.o ABSOLUTE
    __use_no_heap_region                     0x00000000   Number         0  useno.o ABSOLUTE
    __use_no_semihosting                     0x00000000   Number         0  useno.o ABSOLUTE
    __use_no_semihosting_swi                 0x00000000   Number         0  useno.o ABSOLUTE
    __use_no_signal_handling                 0x00000000   Number         0  useno.o ABSOLUTE
    _printf_a                                0x00000000   Number         0  stubs.o ABSOLUTE
    _printf_c                                0x00000000   Number         0  stubs.o ABSOLUTE
    _printf_charcount                        0x00000000   Number         0  stubs.o ABSOLUTE
    _printf_d                                0x00000000   Number         0  stubs.o ABSOLUTE
    _printf_e                                0x00000000   Number         0  stubs.o ABSOLUTE
    _printf_f                                0x00000000   Number         0  stubs.o ABSOLUTE
    _printf_flags                            0x00000000   Number         0  stubs.o ABSOLUTE
    _printf_fp_dec                           0x00000000   Number         0  stubs.o ABSOLUTE
    _printf_fp_hex                           0x00000000   Number         0  stubs.o ABSOLUTE
    _printf_g                                0x00000000   Number         0  stubs.o ABSOLUTE
    _printf_i                                0x00000000   Number         0  stubs.o ABSOLUTE
    _printf_int_dec                          0x00000000   Number         0  stubs.o ABSOLUTE
    _printf_l                                0x00000000   Number         0  stubs.o ABSOLUTE
    _printf_lc                               0x00000000   Number         0  stubs.o ABSOLUTE
    _printf_ll                               0x00000000   Number         0  stubs.o ABSOLUTE
    _printf_lld                              0x00000000   Number         0  stubs.o ABSOLUTE
    _printf_lli                              0x00000000   Number         0  stubs.o ABSOLUTE
    _printf_llo                              0x00000000   Number         0  stubs.o ABSOLUTE
    _printf_llu                              0x00000000   Number         0  stubs.o ABSOLUTE
    _printf_llx                              0x00000000   Number         0  stubs.o ABSOLUTE
    _printf_longlong_dec                     0x00000000   Number         0  stubs.o ABSOLUTE
    _printf_longlong_hex                     0x00000000   Number         0  stubs.o ABSOLUTE
    _printf_longlong_oct                     0x00000000   Number         0  stubs.o ABSOLUTE
    _printf_ls                               0x00000000   Number         0  stubs.o ABSOLUTE
    _printf_mbtowc                           0x00000000   Number         0  stubs.o ABSOLUTE
    _printf_n                                0x00000000   Number         0  stubs.o ABSOLUTE
    _printf_o                                0x00000000   Number         0  stubs.o ABSOLUTE
    _printf_p                                0x00000000   Number         0  stubs.o ABSOLUTE
    _printf_percent                          0x00000000   Number         0  stubs.o ABSOLUTE
    _printf_pre_padding                      0x00000000   Number         0  stubs.o ABSOLUTE
    _printf_return_value                     0x00000000   Number         0  stubs.o ABSOLUTE
    _printf_s                                0x00000000   Number         0  stubs.o ABSOLUTE
    _printf_sizespec                         0x00000000   Number         0  stubs.o ABSOLUTE
    _printf_str                              0x00000000   Number         0  stubs.o ABSOLUTE
    _printf_truncate_signed                  0x00000000   Number         0  stubs.o ABSOLUTE
    _printf_truncate_unsigned                0x00000000   Number         0  stubs.o ABSOLUTE
    _printf_u                                0x00000000   Number         0  stubs.o ABSOLUTE
    _printf_wc                               0x00000000   Number         0  stubs.o ABSOLUTE
    _printf_wctomb                           0x00000000   Number         0  stubs.o ABSOLUTE
    _printf_widthprec                        0x00000000   Number         0  stubs.o ABSOLUTE
    _printf_x                                0x00000000   Number         0  stubs.o ABSOLUTE
    __arm_fini_                               - Undefined Weak Reference
    __cpp_initialize__aeabi_                  - Undefined Weak Reference
    __cxa_finalize                            - Undefined Weak Reference
    _clock_init                               - Undefined Weak Reference
    _microlib_exit                            - Undefined Weak Reference
    __Vectors_Size                           0x00000130   Number         0  startup_stm32f10x_hd.o ABSOLUTE
    __Vectors                                0x08000000   Data           4  startup_stm32f10x_hd.o(RESET)
    __Vectors_End                            0x08000130   Data           0  startup_stm32f10x_hd.o(RESET)
    __main                                   0x08000131   Thumb Code     0  entry.o(.ARM.Collect$$$$00000000)
    _main_stk                                0x08000131   Thumb Code     0  entry2.o(.ARM.Collect$$$$00000001)
    _main_scatterload                        0x08000135   Thumb Code     0  entry5.o(.ARM.Collect$$$$00000004)
    __main_after_scatterload                 0x08000139   Thumb Code     0  entry5.o(.ARM.Collect$$$$00000004)
    _main_clock                              0x08000139   Thumb Code     0  entry7b.o(.ARM.Collect$$$$00000008)
    _main_cpp_init                           0x08000139   Thumb Code     0  entry8b.o(.ARM.Collect$$$$0000000A)
    _main_init                               0x08000139   Thumb Code     0  entry9a.o(.ARM.Collect$$$$0000000B)
    __rt_lib_shutdown_fini                   0x08000141   Thumb Code     0  entry12b.o(.ARM.Collect$$$$0000000E)
    __rt_final_cpp                           0x08000145   Thumb Code     0  entry10a.o(.ARM.Collect$$$$0000000F)
    __rt_final_exit                          0x08000145   Thumb Code     0  entry11a.o(.ARM.Collect$$$$00000011)
    Reset_Handler                            0x08000149   Thumb Code     8  startup_stm32f10x_hd.o(.text)
    SysTick_Handler                          0x08000161   Thumb Code     2  startup_stm32f10x_hd.o(.text)
    ADC1_2_IRQHandler                        0x08000163   Thumb Code     0  startup_stm32f10x_hd.o(.text)
    ADC3_IRQHandler                          0x08000163   Thumb Code     0  startup_stm32f10x_hd.o(.text)
    CAN1_RX1_IRQHandler                      0x08000163   Thumb Code     0  startup_stm32f10x_hd.o(.text)
    CAN1_SCE_IRQHandler                      0x08000163   Thumb Code     0  startup_stm32f10x_hd.o(.text)
    DMA1_Channel1_IRQHandler                 0x08000163   Thumb Code     0  startup_stm32f10x_hd.o(.text)
    DMA1_Channel2_IRQHandler                 0x08000163   Thumb Code     0  startup_stm32f10x_hd.o(.text)
    DMA1_Channel3_IRQHandler                 0x08000163   Thumb Code     0  startup_stm32f10x_hd.o(.text)
    DMA1_Channel4_IRQHandler                 0x08000163   Thumb Code     0  startup_stm32f10x_hd.o(.text)
    DMA1_Channel5_IRQHandler                 0x08000163   Thumb Code     0  startup_stm32f10x_hd.o(.text)
    DMA1_Channel6_IRQHandler                 0x08000163   Thumb Code     0  startup_stm32f10x_hd.o(.text)
    DMA1_Channel7_IRQHandler                 0x08000163   Thumb Code     0  startup_stm32f10x_hd.o(.text)
    DMA2_Channel1_IRQHandler                 0x08000163   Thumb Code     0  startup_stm32f10x_hd.o(.text)
    DMA2_Channel2_IRQHandler                 0x08000163   Thumb Code     0  startup_stm32f10x_hd.o(.text)
    DMA2_Channel3_IRQHandler                 0x08000163   Thumb Code     0  startup_stm32f10x_hd.o(.text)
    DMA2_Channel4_5_IRQHandler               0x08000163   Thumb Code     0  startup_stm32f10x_hd.o(.text)
    EXTI0_IRQHandler                         0x08000163   Thumb Code     0  startup_stm32f10x_hd.o(.text)
    EXTI15_10_IRQHandler                     0x08000163   Thumb Code     0  startup_stm32f10x_hd.o(.text)
    EXTI1_IRQHandler                         0x08000163   Thumb Code     0  startup_stm32f10x_hd.o(.text)
    EXTI2_IRQHandler                         0x08000163   Thumb Code     0  startup_stm32f10x_hd.o(.text)
    EXTI3_IRQHandler                         0x08000163   Thumb Code     0  startup_stm32f10x_hd.o(.text)
    EXTI4_IRQHandler                         0x08000163   Thumb Code     0  startup_stm32f10x_hd.o(.text)
    FLASH_IRQHandler                         0x08000163   Thumb Code     0  startup_stm32f10x_hd.o(.text)
    FSMC_IRQHandler                          0x08000163   Thumb Code     0  startup_stm32f10x_hd.o(.text)
    I2C1_ER_IRQHandler                       0x08000163   Thumb Code     0  startup_stm32f10x_hd.o(.text)
    I2C1_EV_IRQHandler                       0x08000163   Thumb Code     0  startup_stm32f10x_hd.o(.text)
    I2C2_ER_IRQHandler                       0x08000163   Thumb Code     0  startup_stm32f10x_hd.o(.text)
    I2C2_EV_IRQHandler                       0x08000163   Thumb Code     0  startup_stm32f10x_hd.o(.text)
    PVD_IRQHandler                           0x08000163   Thumb Code     0  startup_stm32f10x_hd.o(.text)
    RCC_IRQHandler                           0x08000163   Thumb Code     0  startup_stm32f10x_hd.o(.text)
    RTCAlarm_IRQHandler                      0x08000163   Thumb Code     0  startup_stm32f10x_hd.o(.text)
    RTC_IRQHandler                           0x08000163   Thumb Code     0  startup_stm32f10x_hd.o(.text)
    SDIO_IRQHandler                          0x08000163   Thumb Code     0  startup_stm32f10x_hd.o(.text)
    SPI1_IRQHandler                          0x08000163   Thumb Code     0  startup_stm32f10x_hd.o(.text)
    SPI2_IRQHandler                          0x08000163   Thumb Code     0  startup_stm32f10x_hd.o(.text)
    SPI3_IRQHandler                          0x08000163   Thumb Code     0  startup_stm32f10x_hd.o(.text)
    TAMPER_IRQHandler                        0x08000163   Thumb Code     0  startup_stm32f10x_hd.o(.text)
    TIM1_BRK_IRQHandler                      0x08000163   Thumb Code     0  startup_stm32f10x_hd.o(.text)
    TIM1_CC_IRQHandler                       0x08000163   Thumb Code     0  startup_stm32f10x_hd.o(.text)
    TIM1_TRG_COM_IRQHandler                  0x08000163   Thumb Code     0  startup_stm32f10x_hd.o(.text)
    TIM1_UP_IRQHandler                       0x08000163   Thumb Code     0  startup_stm32f10x_hd.o(.text)
    TIM2_IRQHandler                          0x08000163   Thumb Code     0  startup_stm32f10x_hd.o(.text)
    TIM4_IRQHandler                          0x08000163   Thumb Code     0  startup_stm32f10x_hd.o(.text)
    TIM5_IRQHandler                          0x08000163   Thumb Code     0  startup_stm32f10x_hd.o(.text)
    TIM6_IRQHandler                          0x08000163   Thumb Code     0  startup_stm32f10x_hd.o(.text)
    TIM7_IRQHandler                          0x08000163   Thumb Code     0  startup_stm32f10x_hd.o(.text)
    TIM8_BRK_IRQHandler                      0x08000163   Thumb Code     0  startup_stm32f10x_hd.o(.text)
    TIM8_CC_IRQHandler                       0x08000163   Thumb Code     0  startup_stm32f10x_hd.o(.text)
    TIM8_TRG_COM_IRQHandler                  0x08000163   Thumb Code     0  startup_stm32f10x_hd.o(.text)
    TIM8_UP_IRQHandler                       0x08000163   Thumb Code     0  startup_stm32f10x_hd.o(.text)
    UART4_IRQHandler                         0x08000163   Thumb Code     0  startup_stm32f10x_hd.o(.text)
    UART5_IRQHandler                         0x08000163   Thumb Code     0  startup_stm32f10x_hd.o(.text)
    USART3_IRQHandler                        0x08000163   Thumb Code     0  startup_stm32f10x_hd.o(.text)
    USBWakeUp_IRQHandler                     0x08000163   Thumb Code     0  startup_stm32f10x_hd.o(.text)
    USB_HP_CAN1_TX_IRQHandler                0x08000163   Thumb Code     0  startup_stm32f10x_hd.o(.text)
    USB_LP_CAN1_RX0_IRQHandler               0x08000163   Thumb Code     0  startup_stm32f10x_hd.o(.text)
    WWDG_IRQHandler                          0x08000163   Thumb Code     0  startup_stm32f10x_hd.o(.text)
    SystemInit                               0x0800024b   Thumb Code    78  system_stm32f10x.o(.text)
    SystemCoreClockUpdate                    0x08000299   Thumb Code   142  system_stm32f10x.o(.text)
    NVIC_PriorityGroupConfig                 0x0800034d   Thumb Code    10  misc.o(.text)
    NVIC_Init                                0x08000357   Thumb Code   100  misc.o(.text)
    NVIC_SetVectorTable                      0x080003bb   Thumb Code    14  misc.o(.text)
    NVIC_SystemLPConfig                      0x080003c9   Thumb Code    34  misc.o(.text)
    SysTick_CLKSourceConfig                  0x080003eb   Thumb Code    40  misc.o(.text)
    EXTI_DeInit                              0x08000429   Thumb Code    28  stm32f10x_exti.o(.text)
    EXTI_Init                                0x08000445   Thumb Code   142  stm32f10x_exti.o(.text)
    EXTI_StructInit                          0x080004d3   Thumb Code    16  stm32f10x_exti.o(.text)
    EXTI_GenerateSWInterrupt                 0x080004e3   Thumb Code    16  stm32f10x_exti.o(.text)
    EXTI_GetFlagStatus                       0x080004f3   Thumb Code    22  stm32f10x_exti.o(.text)
    EXTI_ClearFlag                           0x08000509   Thumb Code     8  stm32f10x_exti.o(.text)
    EXTI_GetITStatus                         0x08000511   Thumb Code    34  stm32f10x_exti.o(.text)
    EXTI_ClearITPendingBit                   0x08000533   Thumb Code     8  stm32f10x_exti.o(.text)
    GPIO_DeInit                              0x08000545   Thumb Code   172  stm32f10x_gpio.o(.text)
    GPIO_AFIODeInit                          0x080005f1   Thumb Code    20  stm32f10x_gpio.o(.text)
    GPIO_Init                                0x08000605   Thumb Code   278  stm32f10x_gpio.o(.text)
    GPIO_StructInit                          0x0800071b   Thumb Code    16  stm32f10x_gpio.o(.text)
    GPIO_ReadInputDataBit                    0x0800072b   Thumb Code    18  stm32f10x_gpio.o(.text)
    GPIO_ReadInputData                       0x0800073d   Thumb Code     8  stm32f10x_gpio.o(.text)
    GPIO_ReadOutputDataBit                   0x08000745   Thumb Code    18  stm32f10x_gpio.o(.text)
    GPIO_ReadOutputData                      0x08000757   Thumb Code     8  stm32f10x_gpio.o(.text)
    GPIO_SetBits                             0x0800075f   Thumb Code     4  stm32f10x_gpio.o(.text)
    GPIO_ResetBits                           0x08000763   Thumb Code     4  stm32f10x_gpio.o(.text)
    GPIO_WriteBit                            0x08000767   Thumb Code    10  stm32f10x_gpio.o(.text)
    GPIO_Write                               0x08000771   Thumb Code     4  stm32f10x_gpio.o(.text)
    GPIO_PinLockConfig                       0x08000775   Thumb Code    18  stm32f10x_gpio.o(.text)
    GPIO_EventOutputConfig                   0x08000787   Thumb Code    26  stm32f10x_gpio.o(.text)
    GPIO_EventOutputCmd                      0x080007a1   Thumb Code     6  stm32f10x_gpio.o(.text)
    GPIO_PinRemapConfig                      0x080007a7   Thumb Code   138  stm32f10x_gpio.o(.text)
    GPIO_EXTILineConfig                      0x08000831   Thumb Code    66  stm32f10x_gpio.o(.text)
    GPIO_ETH_MediaInterfaceConfig            0x08000873   Thumb Code     8  stm32f10x_gpio.o(.text)
    RCC_DeInit                               0x080008a1   Thumb Code    64  stm32f10x_rcc.o(.text)
    RCC_HSEConfig                            0x080008e1   Thumb Code    70  stm32f10x_rcc.o(.text)
    RCC_GetFlagStatus                        0x08000927   Thumb Code    56  stm32f10x_rcc.o(.text)
    RCC_WaitForHSEStartUp                    0x0800095f   Thumb Code    56  stm32f10x_rcc.o(.text)
    RCC_AdjustHSICalibrationValue            0x08000997   Thumb Code    20  stm32f10x_rcc.o(.text)
    RCC_HSICmd                               0x080009ab   Thumb Code     6  stm32f10x_rcc.o(.text)
    RCC_PLLConfig                            0x080009b1   Thumb Code    24  stm32f10x_rcc.o(.text)
    RCC_PLLCmd                               0x080009c9   Thumb Code     6  stm32f10x_rcc.o(.text)
    RCC_SYSCLKConfig                         0x080009cf   Thumb Code    18  stm32f10x_rcc.o(.text)
    RCC_GetSYSCLKSource                      0x080009e1   Thumb Code    10  stm32f10x_rcc.o(.text)
    RCC_HCLKConfig                           0x080009eb   Thumb Code    18  stm32f10x_rcc.o(.text)
    RCC_PCLK1Config                          0x080009fd   Thumb Code    18  stm32f10x_rcc.o(.text)
    RCC_PCLK2Config                          0x08000a0f   Thumb Code    20  stm32f10x_rcc.o(.text)
    RCC_ITConfig                             0x08000a23   Thumb Code    26  stm32f10x_rcc.o(.text)
    RCC_USBCLKConfig                         0x08000a3d   Thumb Code     8  stm32f10x_rcc.o(.text)
    RCC_ADCCLKConfig                         0x08000a45   Thumb Code    18  stm32f10x_rcc.o(.text)
    RCC_LSEConfig                            0x08000a57   Thumb Code    50  stm32f10x_rcc.o(.text)
    RCC_LSICmd                               0x08000a89   Thumb Code     6  stm32f10x_rcc.o(.text)
    RCC_RTCCLKConfig                         0x08000a8f   Thumb Code    12  stm32f10x_rcc.o(.text)
    RCC_RTCCLKCmd                            0x08000a9b   Thumb Code     8  stm32f10x_rcc.o(.text)
    RCC_GetClocksFreq                        0x08000aa3   Thumb Code   192  stm32f10x_rcc.o(.text)
    RCC_AHBPeriphClockCmd                    0x08000b63   Thumb Code    26  stm32f10x_rcc.o(.text)
    RCC_APB2PeriphClockCmd                   0x08000b7d   Thumb Code    26  stm32f10x_rcc.o(.text)
    RCC_APB1PeriphClockCmd                   0x08000b97   Thumb Code    26  stm32f10x_rcc.o(.text)
    RCC_APB2PeriphResetCmd                   0x08000bb1   Thumb Code    26  stm32f10x_rcc.o(.text)
    RCC_APB1PeriphResetCmd                   0x08000bcb   Thumb Code    26  stm32f10x_rcc.o(.text)
    RCC_BackupResetCmd                       0x08000be5   Thumb Code     8  stm32f10x_rcc.o(.text)
    RCC_ClockSecuritySystemCmd               0x08000bed   Thumb Code     6  stm32f10x_rcc.o(.text)
    RCC_MCOConfig                            0x08000bf3   Thumb Code     6  stm32f10x_rcc.o(.text)
    RCC_ClearFlag                            0x08000bf9   Thumb Code    14  stm32f10x_rcc.o(.text)
    RCC_GetITStatus                          0x08000c07   Thumb Code    20  stm32f10x_rcc.o(.text)
    RCC_ClearITPendingBit                    0x08000c1b   Thumb Code     6  stm32f10x_rcc.o(.text)
    TIM_DeInit                               0x08000c45   Thumb Code   424  stm32f10x_tim.o(.text)
    TIM_TimeBaseInit                         0x08000ded   Thumb Code   122  stm32f10x_tim.o(.text)
    TIM_OC1Init                              0x08000e67   Thumb Code   132  stm32f10x_tim.o(.text)
    TIM_OC2Init                              0x08000eeb   Thumb Code   154  stm32f10x_tim.o(.text)
    TIM_OC3Init                              0x08000f85   Thumb Code   150  stm32f10x_tim.o(.text)
    TIM_OC4Init                              0x0800101b   Thumb Code   182  stm32f10x_tim.o(.text)
    TIM_SetIC4Prescaler                      0x080010d1   Thumb Code    26  stm32f10x_tim.o(.text)
    TIM_SetIC3Prescaler                      0x0800116d   Thumb Code    18  stm32f10x_tim.o(.text)
    TIM_SetIC2Prescaler                      0x080011f9   Thumb Code    26  stm32f10x_tim.o(.text)
    TIM_SetIC1Prescaler                      0x08001295   Thumb Code    18  stm32f10x_tim.o(.text)
    TIM_ICInit                               0x08001313   Thumb Code   150  stm32f10x_tim.o(.text)
    TIM_PWMIConfig                           0x080013a9   Thumb Code   124  stm32f10x_tim.o(.text)
    TIM_BDTRConfig                           0x08001425   Thumb Code    32  stm32f10x_tim.o(.text)
    TIM_TimeBaseStructInit                   0x08001445   Thumb Code    18  stm32f10x_tim.o(.text)
    TIM_OCStructInit                         0x08001457   Thumb Code    20  stm32f10x_tim.o(.text)
    TIM_ICStructInit                         0x0800146b   Thumb Code    18  stm32f10x_tim.o(.text)
    TIM_BDTRStructInit                       0x0800147d   Thumb Code    40  stm32f10x_tim.o(.text)
    TIM_Cmd                                  0x080014a5   Thumb Code    24  stm32f10x_tim.o(.text)
    TIM_CtrlPWMOutputs                       0x080014bd   Thumb Code    30  stm32f10x_tim.o(.text)
    TIM_ITConfig                             0x080014db   Thumb Code    18  stm32f10x_tim.o(.text)
    TIM_GenerateEvent                        0x080014ed   Thumb Code     4  stm32f10x_tim.o(.text)
    TIM_DMAConfig                            0x080014f1   Thumb Code    10  stm32f10x_tim.o(.text)
    TIM_DMACmd                               0x080014fb   Thumb Code    18  stm32f10x_tim.o(.text)
    TIM_InternalClockConfig                  0x0800150d   Thumb Code    12  stm32f10x_tim.o(.text)
    TIM_SelectInputTrigger                   0x08001519   Thumb Code    18  stm32f10x_tim.o(.text)
    TIM_ITRxExternalClockConfig              0x0800152b   Thumb Code    24  stm32f10x_tim.o(.text)
    TIM_TIxExternalClockConfig               0x08001543   Thumb Code    62  stm32f10x_tim.o(.text)
    TIM_ETRConfig                            0x08001581   Thumb Code    28  stm32f10x_tim.o(.text)
    TIM_ETRClockMode1Config                  0x0800159d   Thumb Code    54  stm32f10x_tim.o(.text)
    TIM_ETRClockMode2Config                  0x080015d3   Thumb Code    32  stm32f10x_tim.o(.text)
    TIM_PrescalerConfig                      0x080015f3   Thumb Code     6  stm32f10x_tim.o(.text)
    TIM_CounterModeConfig                    0x080015f9   Thumb Code    18  stm32f10x_tim.o(.text)
    TIM_EncoderInterfaceConfig               0x0800160b   Thumb Code    66  stm32f10x_tim.o(.text)
    TIM_ForcedOC1Config                      0x0800164d   Thumb Code    18  stm32f10x_tim.o(.text)
    TIM_ForcedOC2Config                      0x0800165f   Thumb Code    26  stm32f10x_tim.o(.text)
    TIM_ForcedOC3Config                      0x08001679   Thumb Code    18  stm32f10x_tim.o(.text)
    TIM_ForcedOC4Config                      0x0800168b   Thumb Code    26  stm32f10x_tim.o(.text)
    TIM_ARRPreloadConfig                     0x080016a5   Thumb Code    24  stm32f10x_tim.o(.text)
    TIM_SelectCOM                            0x080016bd   Thumb Code    24  stm32f10x_tim.o(.text)
    TIM_SelectCCDMA                          0x080016d5   Thumb Code    24  stm32f10x_tim.o(.text)
    TIM_CCPreloadControl                     0x080016ed   Thumb Code    24  stm32f10x_tim.o(.text)
    TIM_OC1PreloadConfig                     0x08001705   Thumb Code    18  stm32f10x_tim.o(.text)
    TIM_OC2PreloadConfig                     0x08001717   Thumb Code    26  stm32f10x_tim.o(.text)
    TIM_OC3PreloadConfig                     0x08001731   Thumb Code    18  stm32f10x_tim.o(.text)
    TIM_OC4PreloadConfig                     0x08001743   Thumb Code    26  stm32f10x_tim.o(.text)
    TIM_OC1FastConfig                        0x0800175d   Thumb Code    18  stm32f10x_tim.o(.text)
    TIM_OC2FastConfig                        0x0800176f   Thumb Code    26  stm32f10x_tim.o(.text)
    TIM_OC3FastConfig                        0x08001789   Thumb Code    18  stm32f10x_tim.o(.text)
    TIM_OC4FastConfig                        0x0800179b   Thumb Code    26  stm32f10x_tim.o(.text)
    TIM_ClearOC1Ref                          0x080017b5   Thumb Code    18  stm32f10x_tim.o(.text)
    TIM_ClearOC2Ref                          0x080017c7   Thumb Code    24  stm32f10x_tim.o(.text)
    TIM_ClearOC3Ref                          0x080017df   Thumb Code    18  stm32f10x_tim.o(.text)
    TIM_ClearOC4Ref                          0x080017f1   Thumb Code    24  stm32f10x_tim.o(.text)
    TIM_OC1PolarityConfig                    0x08001809   Thumb Code    18  stm32f10x_tim.o(.text)
    TIM_OC1NPolarityConfig                   0x0800181b   Thumb Code    18  stm32f10x_tim.o(.text)
    TIM_OC2PolarityConfig                    0x0800182d   Thumb Code    26  stm32f10x_tim.o(.text)
    TIM_OC2NPolarityConfig                   0x08001847   Thumb Code    26  stm32f10x_tim.o(.text)
    TIM_OC3PolarityConfig                    0x08001861   Thumb Code    26  stm32f10x_tim.o(.text)
    TIM_OC3NPolarityConfig                   0x0800187b   Thumb Code    26  stm32f10x_tim.o(.text)
    TIM_OC4PolarityConfig                    0x08001895   Thumb Code    26  stm32f10x_tim.o(.text)
    TIM_CCxCmd                               0x080018af   Thumb Code    30  stm32f10x_tim.o(.text)
    TIM_CCxNCmd                              0x080018cd   Thumb Code    30  stm32f10x_tim.o(.text)
    TIM_SelectOCxM                           0x080018eb   Thumb Code    82  stm32f10x_tim.o(.text)
    TIM_UpdateDisableConfig                  0x0800193d   Thumb Code    24  stm32f10x_tim.o(.text)
    TIM_UpdateRequestConfig                  0x08001955   Thumb Code    24  stm32f10x_tim.o(.text)
    TIM_SelectHallSensor                     0x0800196d   Thumb Code    24  stm32f10x_tim.o(.text)
    TIM_SelectOnePulseMode                   0x08001985   Thumb Code    18  stm32f10x_tim.o(.text)
    TIM_SelectOutputTrigger                  0x08001997   Thumb Code    18  stm32f10x_tim.o(.text)
    TIM_SelectSlaveMode                      0x080019a9   Thumb Code    18  stm32f10x_tim.o(.text)
    TIM_SelectMasterSlaveMode                0x080019bb   Thumb Code    18  stm32f10x_tim.o(.text)
    TIM_SetCounter                           0x080019cd   Thumb Code     4  stm32f10x_tim.o(.text)
    TIM_SetAutoreload                        0x080019d1   Thumb Code     4  stm32f10x_tim.o(.text)
    TIM_SetCompare1                          0x080019d5   Thumb Code     4  stm32f10x_tim.o(.text)
    TIM_SetCompare2                          0x080019d9   Thumb Code     4  stm32f10x_tim.o(.text)
    TIM_SetCompare3                          0x080019dd   Thumb Code     4  stm32f10x_tim.o(.text)
    TIM_SetCompare4                          0x080019e1   Thumb Code     6  stm32f10x_tim.o(.text)
    TIM_SetClockDivision                     0x080019e7   Thumb Code    18  stm32f10x_tim.o(.text)
    TIM_GetCapture1                          0x080019f9   Thumb Code     6  stm32f10x_tim.o(.text)
    TIM_GetCapture2                          0x080019ff   Thumb Code     6  stm32f10x_tim.o(.text)
    TIM_GetCapture3                          0x08001a05   Thumb Code     6  stm32f10x_tim.o(.text)
    TIM_GetCapture4                          0x08001a0b   Thumb Code     8  stm32f10x_tim.o(.text)
    TIM_GetCounter                           0x08001a13   Thumb Code     6  stm32f10x_tim.o(.text)
    TIM_GetPrescaler                         0x08001a19   Thumb Code     6  stm32f10x_tim.o(.text)
    TIM_GetFlagStatus                        0x08001a1f   Thumb Code    18  stm32f10x_tim.o(.text)
    TIM_ClearFlag                            0x08001a31   Thumb Code     6  stm32f10x_tim.o(.text)
    TIM_GetITStatus                          0x08001a37   Thumb Code    34  stm32f10x_tim.o(.text)
    TIM_ClearITPendingBit                    0x08001a59   Thumb Code     6  stm32f10x_tim.o(.text)
    USART_DeInit                             0x08001a61   Thumb Code   134  stm32f10x_usart.o(.text)
    USART_Init                               0x08001ae7   Thumb Code   210  stm32f10x_usart.o(.text)
    USART_StructInit                         0x08001bb9   Thumb Code    24  stm32f10x_usart.o(.text)
    USART_ClockInit                          0x08001bd1   Thumb Code    34  stm32f10x_usart.o(.text)
    USART_ClockStructInit                    0x08001bf3   Thumb Code    12  stm32f10x_usart.o(.text)
    USART_Cmd                                0x08001bff   Thumb Code    24  stm32f10x_usart.o(.text)
    USART_ITConfig                           0x08001c17   Thumb Code    74  stm32f10x_usart.o(.text)
    USART_DMACmd                             0x08001c61   Thumb Code    18  stm32f10x_usart.o(.text)
    USART_SetAddress                         0x08001c73   Thumb Code    18  stm32f10x_usart.o(.text)
    USART_WakeUpConfig                       0x08001c85   Thumb Code    18  stm32f10x_usart.o(.text)
    USART_ReceiverWakeUpCmd                  0x08001c97   Thumb Code    24  stm32f10x_usart.o(.text)
    USART_LINBreakDetectLengthConfig         0x08001caf   Thumb Code    18  stm32f10x_usart.o(.text)
    USART_LINCmd                             0x08001cc1   Thumb Code    24  stm32f10x_usart.o(.text)
    USART_SendData                           0x08001cd9   Thumb Code     8  stm32f10x_usart.o(.text)
    USART_ReceiveData                        0x08001ce1   Thumb Code    10  stm32f10x_usart.o(.text)
    USART_SendBreak                          0x08001ceb   Thumb Code    10  stm32f10x_usart.o(.text)
    USART_SetGuardTime                       0x08001cf5   Thumb Code    16  stm32f10x_usart.o(.text)
    USART_SetPrescaler                       0x08001d05   Thumb Code    16  stm32f10x_usart.o(.text)
    USART_SmartCardCmd                       0x08001d15   Thumb Code    24  stm32f10x_usart.o(.text)
    USART_SmartCardNACKCmd                   0x08001d2d   Thumb Code    24  stm32f10x_usart.o(.text)
    USART_HalfDuplexCmd                      0x08001d45   Thumb Code    24  stm32f10x_usart.o(.text)
    USART_OverSampling8Cmd                   0x08001d5d   Thumb Code    22  stm32f10x_usart.o(.text)
    USART_OneBitMethodCmd                    0x08001d73   Thumb Code    24  stm32f10x_usart.o(.text)
    USART_IrDAConfig                         0x08001d8b   Thumb Code    18  stm32f10x_usart.o(.text)
    USART_IrDACmd                            0x08001d9d   Thumb Code    24  stm32f10x_usart.o(.text)
    USART_GetFlagStatus                      0x08001db5   Thumb Code    26  stm32f10x_usart.o(.text)
    USART_ClearFlag                          0x08001dcf   Thumb Code    18  stm32f10x_usart.o(.text)
    USART_GetITStatus                        0x08001de1   Thumb Code    84  stm32f10x_usart.o(.text)
    USART_ClearITPendingBit                  0x08001e35   Thumb Code    52  stm32f10x_usart.o(.text)
    Gizwits_Init                             0x08001e69   Thumb Code    34  main.o(.text)
    main                                     0x08001e8b   Thumb Code   554  main.o(.text)
    WIFI_Contection                          0x080020b5   Thumb Code    10  main.o(.text)
    NMI_Handler                              0x080020f5   Thumb Code     2  stm32f10x_it.o(.text)
    HardFault_Handler                        0x080020f7   Thumb Code     4  stm32f10x_it.o(.text)
    MemManage_Handler                        0x080020fb   Thumb Code     4  stm32f10x_it.o(.text)
    BusFault_Handler                         0x080020ff   Thumb Code     4  stm32f10x_it.o(.text)
    UsageFault_Handler                       0x08002103   Thumb Code     4  stm32f10x_it.o(.text)
    SVC_Handler                              0x08002107   Thumb Code     2  stm32f10x_it.o(.text)
    DebugMon_Handler                         0x08002109   Thumb Code     2  stm32f10x_it.o(.text)
    PendSV_Handler                           0x0800210b   Thumb Code     2  stm32f10x_it.o(.text)
    WFI_SET                                  0x0800210d   Thumb Code     4  sys.o(.text)
    INTX_DISABLE                             0x08002111   Thumb Code     4  sys.o(.text)
    INTX_ENABLE                              0x08002115   Thumb Code     4  sys.o(.text)
    initSysTick                              0x08002119   Thumb Code    42  sys.o(.text)
    delay_init                               0x08002143   Thumb Code    50  sys.o(.text)
    delay_us                                 0x08002175   Thumb Code    72  sys.o(.text)
    delay_ms                                 0x080021bd   Thumb Code    72  sys.o(.text)
    usart2_init                              0x08002215   Thumb Code   170  usart2.o(.text)
    u2_printf                                0x080022bf   Thumb Code    72  usart2.o(.text)
    sendByte                                 0x08002307   Thumb Code    38  usart2.o(.text)
    sendString                               0x0800232d   Thumb Code    26  usart2.o(.text)
    USART2_IRQHandler                        0x08002347   Thumb Code    44  usart2.o(.text)
    _sys_exit                                0x08002381   Thumb Code     4  usart1.o(.text)
    uart1_init                               0x08002385   Thumb Code   160  usart1.o(.text)
    USART1_IRQHandler                        0x08002425   Thumb Code    14  usart1.o(.text)
    fputc                                    0x08002433   Thumb Code    40  usart1.o(.text)
    OLED_IIC_Command                         0x08002465   Thumb Code    46  oled.o(.text)
    OLED_IIC_Data                            0x08002493   Thumb Code    46  oled.o(.text)
    OLED_WR_Byte                             0x080024c1   Thumb Code    28  oled.o(.text)
    fill_picture                             0x080024dd   Thumb Code    64  oled.o(.text)
    Delay_50ms                               0x0800251d   Thumb Code    22  oled.o(.text)
    Delay_1ms                                0x08002533   Thumb Code    26  oled.o(.text)
    OLED_Set_Pos                             0x0800254d   Thumb Code    40  oled.o(.text)
    OLED_Display_On                          0x08002575   Thumb Code    28  oled.o(.text)
    OLED_Display_Off                         0x08002591   Thumb Code    28  oled.o(.text)
    OLED_Clear                               0x080025ad   Thumb Code    62  oled.o(.text)
    OLED_On                                  0x080025eb   Thumb Code    62  oled.o(.text)
    OLED_ShowChar                            0x08002629   Thumb Code   154  oled.o(.text)
    oled_pow                                 0x080026c3   Thumb Code    22  oled.o(.text)
    OLED_ShowNum                             0x080026d9   Thumb Code   136  oled.o(.text)
    OLED_ShowString                          0x08002761   Thumb Code    58  oled.o(.text)
    OLED_ShowCHinese                         0x0800279b   Thumb Code    98  oled.o(.text)
    OLED_DrawBMP                             0x080027fd   Thumb Code   118  oled.o(.text)
    OLED_Init                                0x08002873   Thumb Code   220  oled.o(.text)
    BEEP_Init                                0x0800295d   Thumb Code    50  beep.o(.text)
    IIC_Start                                0x08002995   Thumb Code    72  iic.o(.text)
    IIC_Stop                                 0x080029dd   Thumb Code    60  iic.o(.text)
    IIC_Send_Byte                            0x08002a19   Thumb Code   116  iic.o(.text)
    IIC_Ack                                  0x08002a8d   Thumb Code    72  iic.o(.text)
    IIC_NAck                                 0x08002ad5   Thumb Code    60  iic.o(.text)
    IIC_Read_Byte                            0x08002b11   Thumb Code   102  iic.o(.text)
    IIC_Wait_Ack                             0x08002b77   Thumb Code    96  iic.o(.text)
    IIC_Init                                 0x08002bd7   Thumb Code    46  iic.o(.text)
    i2c_CheckDevice                          0x08002c05   Thumb Code    32  iic.o(.text)
    iicDevReadByte                           0x08002c25   Thumb Code    64  iic.o(.text)
    iicDevRead                               0x08002c65   Thumb Code    96  iic.o(.text)
    iicDevWriteByte                          0x08002cc5   Thumb Code    48  iic.o(.text)
    iicDevWrite                              0x08002cf5   Thumb Code    66  iic.o(.text)
    KEY_Init                                 0x08002d3d   Thumb Code    38  key.o(.text)
    LED_Init                                 0x08002d69   Thumb Code    66  led.o(.text)
    Motor_Init                               0x08002db5   Thumb Code    50  motor.o(.text)
    BUJING_Cotrol                            0x08002de7   Thumb Code   280  motor.o(.text)
    TIM3_Int_Init                            0x08002f0d   Thumb Code    90  timer.o(.text)
    TIM3_IRQHandler                          0x08002f67   Thumb Code   142  timer.o(.text)
    SENSOR_Init                              0x08003005   Thumb Code    40  sensor.o(.text)
    HX711_W_PD_SCK                           0x08003031   Thumb Code    16  hx711.o(.text)
    HX711_R_DOUT                             0x08003041   Thumb Code    46  hx711.o(.text)
    HX711_W_DOUT                             0x0800306f   Thumb Code    50  hx711.o(.text)
    HX711_ReadData                           0x080030a1   Thumb Code   120  hx711.o(.text)
    Get_Pi                                   0x08003119   Thumb Code   106  hx711.o(.text)
    HX711_GPIO_Init                          0x08003183   Thumb Code    72  hx711.o(.text)
    HX711_Reset                              0x080031cb   Thumb Code    16  hx711.o(.text)
    Get_Weight                               0x080031db   Thumb Code    68  hx711.o(.text)
    EXTIX_Init                               0x08003231   Thumb Code   172  exti.o(.text)
    EXTI9_5_IRQHandler                       0x080032dd   Thumb Code   182  exti.o(.text)
    gizwitsEventProcess                      0x080033a5   Thumb Code   234  gizwits_product.o(.text)
    userHandle                               0x0800348f   Thumb Code    22  gizwits_product.o(.text)
    userInit                                 0x080034a5   Thumb Code    12  gizwits_product.o(.text)
    gizTimerMs                               0x080034b1   Thumb Code    12  gizwits_product.o(.text)
    gizGetTimerCount                         0x080034bd   Thumb Code     6  gizwits_product.o(.text)
    mcuRestart                               0x080034c3   Thumb Code     2  gizwits_product.o(.text)
    TIMER_IRQ_FUN                            0x080034c5   Thumb Code     8  gizwits_product.o(.text)
    UART_IRQ_FUN                             0x080034cd   Thumb Code    16  gizwits_product.o(.text)
    uartWrite                                0x080034dd   Thumb Code    82  gizwits_product.o(.text)
    gizPutData                               0x080035ed   Thumb Code    52  gizwits_protocol.o(.text)
    gizwitsInit                              0x080048dd   Thumb Code    46  gizwits_protocol.o(.text)
    gizwitsSetMode                           0x0800490b   Thumb Code   578  gizwits_protocol.o(.text)
    gizwitsGetNTP                            0x08004b4d   Thumb Code    90  gizwits_protocol.o(.text)
    gizwitsGetModuleInfo                     0x08004ba7   Thumb Code    96  gizwits_protocol.o(.text)
    gizwitsHandle                            0x08004d15   Thumb Code   548  gizwits_protocol.o(.text)
    gizwitsPassthroughData                   0x08004f39   Thumb Code   168  gizwits_protocol.o(.text)
    gizProtocolSum                           0x08005101   Thumb Code    38  common.o(.text)
    exchangeBytes                            0x08005127   Thumb Code    26  common.o(.text)
    exchangeWord                             0x08005141   Thumb Code    26  common.o(.text)
    char2hex                                 0x0800515b   Thumb Code   106  common.o(.text)
    checkStringIsNotZero                     0x080051c5   Thumb Code    46  common.o(.text)
    returnWeekDay                            0x080051f3   Thumb Code   156  common.o(.text)
    returnNtp2Wt                             0x080052db   Thumb Code   274  common.o(.text)
    str2Hex                                  0x080053ed   Thumb Code    80  common.o(.text)
    hex2Str                                  0x0800543d   Thumb Code    82  common.o(.text)
    gizByteOrderExchange                     0x08005499   Thumb Code    50  datapointtools.o(.text)
    gizY2X                                   0x080054cb   Thumb Code    14  datapointtools.o(.text)
    gizX2Y                                   0x080054d9   Thumb Code    12  datapointtools.o(.text)
    gizY2XFloat                              0x080054e5   Thumb Code    42  datapointtools.o(.text)
    gizX2YFloat                              0x0800550f   Thumb Code    42  datapointtools.o(.text)
    gizAcrossByteJudge                       0x08005539   Thumb Code    42  datapointtools.o(.text)
    gizVarlenCompressValue                   0x08005563   Thumb Code   124  datapointtools.o(.text)
    gizVarlenDecompressionValue              0x080055df   Thumb Code   196  datapointtools.o(.text)
    gizStandardDecompressionValue            0x080056a3   Thumb Code   194  datapointtools.o(.text)
    gizStandardCompressValue                 0x08005765   Thumb Code   128  datapointtools.o(.text)
    rbCreate                                 0x080057e5   Thumb Code    22  ringbuffer.o(.text)
    rbDelete                                 0x080057fb   Thumb Code    24  ringbuffer.o(.text)
    rbCapacity                               0x08005813   Thumb Code    14  ringbuffer.o(.text)
    rbCanRead                                0x08005821   Thumb Code    56  ringbuffer.o(.text)
    rbCanWrite                               0x08005859   Thumb Code    30  ringbuffer.o(.text)
    rbRead                                   0x08005877   Thumb Code   162  ringbuffer.o(.text)
    rbWrite                                  0x08005919   Thumb Code   154  ringbuffer.o(.text)
    toupper                                  0x080059b3   Thumb Code    12  toupper.o(.text)
    __aeabi_memcpy                           0x080059bf   Thumb Code    36  memcpya.o(.text)
    __aeabi_memcpy4                          0x080059bf   Thumb Code     0  memcpya.o(.text)
    __aeabi_memcpy8                          0x080059bf   Thumb Code     0  memcpya.o(.text)
    __aeabi_memset                           0x080059e3   Thumb Code    14  memseta.o(.text)
    __aeabi_memset4                          0x080059e3   Thumb Code     0  memseta.o(.text)
    __aeabi_memset8                          0x080059e3   Thumb Code     0  memseta.o(.text)
    __aeabi_memclr                           0x080059f1   Thumb Code     4  memseta.o(.text)
    __aeabi_memclr4                          0x080059f1   Thumb Code     0  memseta.o(.text)
    __aeabi_memclr8                          0x080059f1   Thumb Code     0  memseta.o(.text)
    _memset$wrapper                          0x080059f5   Thumb Code    18  memseta.o(.text)
    strlen                                   0x08005a07   Thumb Code    14  strlen.o(.text)
    __aeabi_fadd                             0x08005a15   Thumb Code   164  fadd.o(.text)
    __aeabi_fsub                             0x08005ab9   Thumb Code     6  fadd.o(.text)
    __aeabi_frsub                            0x08005abf   Thumb Code     6  fadd.o(.text)
    __aeabi_fmul                             0x08005ac5   Thumb Code   100  fmul.o(.text)
    __aeabi_fdiv                             0x08005b29   Thumb Code   124  fdiv.o(.text)
    __aeabi_ui2f                             0x08005ba5   Thumb Code    10  ffltui.o(.text)
    __aeabi_f2uiz                            0x08005baf   Thumb Code    40  ffixui.o(.text)
    __aeabi_uidiv                            0x08005bd7   Thumb Code     0  uidiv.o(.text)
    __aeabi_uidivmod                         0x08005bd7   Thumb Code    44  uidiv.o(.text)
    __aeabi_uldivmod                         0x08005c03   Thumb Code    98  uldiv.o(.text)
    __I$use$fp                               0x08005c65   Thumb Code     0  iusefp.o(.text)
    _float_round                             0x08005c65   Thumb Code    18  fepilogue.o(.text)
    _float_epilogue                          0x08005c77   Thumb Code    92  fepilogue.o(.text)
    __aeabi_dadd                             0x08005cd3   Thumb Code   322  dadd.o(.text)
    __aeabi_dsub                             0x08005e15   Thumb Code     6  dadd.o(.text)
    __aeabi_drsub                            0x08005e1b   Thumb Code     6  dadd.o(.text)
    __aeabi_dmul                             0x08005e21   Thumb Code   228  dmul.o(.text)
    __aeabi_ddiv                             0x08005f05   Thumb Code   222  ddiv.o(.text)
    __aeabi_d2ulz                            0x08005fe3   Thumb Code    48  dfixul.o(.text)
    __aeabi_cdrcmple                         0x08006015   Thumb Code    48  cdrcmple.o(.text)
    __scatterload                            0x08006045   Thumb Code    28  init.o(.text)
    __scatterload_rt2                        0x08006045   Thumb Code     0  init.o(.text)
    __aeabi_llsl                             0x08006069   Thumb Code    30  llshl.o(.text)
    _ll_shift_l                              0x08006069   Thumb Code     0  llshl.o(.text)
    __aeabi_llsr                             0x08006087   Thumb Code    32  llushr.o(.text)
    _ll_ushift_r                             0x08006087   Thumb Code     0  llushr.o(.text)
    __aeabi_lasr                             0x080060a7   Thumb Code    36  llsshr.o(.text)
    _ll_sshift_r                             0x080060a7   Thumb Code     0  llsshr.o(.text)
    _double_round                            0x080060cb   Thumb Code    30  depilogue.o(.text)
    _double_epilogue                         0x080060e9   Thumb Code   156  depilogue.o(.text)
    __decompress                             0x08006185   Thumb Code     0  __dczerorl2.o(.text)
    __decompress1                            0x08006185   Thumb Code    86  __dczerorl2.o(.text)
    __0printf$8                              0x080061dd   Thumb Code    22  printf8.o(i.__0printf$8)
    __1printf$8                              0x080061dd   Thumb Code     0  printf8.o(i.__0printf$8)
    __2printf                                0x080061dd   Thumb Code     0  printf8.o(i.__0printf$8)
    __0sprintf$8                             0x080061fd   Thumb Code    34  printf8.o(i.__0sprintf$8)
    __1sprintf$8                             0x080061fd   Thumb Code     0  printf8.o(i.__0sprintf$8)
    __2sprintf                               0x080061fd   Thumb Code     0  printf8.o(i.__0sprintf$8)
    __0vsprintf                              0x08006225   Thumb Code    30  printfa.o(i.__0vsprintf)
    __1vsprintf                              0x08006225   Thumb Code     0  printfa.o(i.__0vsprintf)
    __2vsprintf                              0x08006225   Thumb Code     0  printfa.o(i.__0vsprintf)
    __c89vsprintf                            0x08006225   Thumb Code     0  printfa.o(i.__0vsprintf)
    vsprintf                                 0x08006225   Thumb Code     0  printfa.o(i.__0vsprintf)
    __scatterload_copy                       0x08006249   Thumb Code    14  handlers.o(i.__scatterload_copy)
    __scatterload_null                       0x08006257   Thumb Code     2  handlers.o(i.__scatterload_null)
    __scatterload_zeroinit                   0x08006259   Thumb Code    14  handlers.o(i.__scatterload_zeroinit)
    F6x8                                     0x08006f5c   Data         552  oled.o(.constdata)
    F8X16                                    0x08007184   Data        1536  oled.o(.constdata)
    Region$$Table$$Base                      0x080077b4   Number         0  anon$$obj.o(Region$$Table)
    Region$$Table$$Limit                     0x080077d4   Number         0  anon$$obj.o(Region$$Table)
    SystemCoreClock                          0x20000000   Data           4  system_stm32f10x.o(.data)
    AHBPrescTable                            0x20000004   Data          16  system_stm32f10x.o(.data)
    motor_status                             0x20000028   Data           1  main.o(.data)
    fault                                    0x20000029   Data           1  main.o(.data)
    stop                                     0x2000002a   Data           1  main.o(.data)
    start                                    0x2000002b   Data           1  main.o(.data)
    weight_shiwu                             0x2000002c   Data           4  main.o(.data)
    people_sum                               0x20000030   Data           2  main.o(.data)
    flag                                     0x20000032   Data           1  main.o(.data)
    Rxdata                                   0x20000038   Data           2  usart1.o(.data)
    rx_end                                   0x2000003a   Data           1  usart1.o(.data)
    __stdout                                 0x2000003c   Data           4  usart1.o(.data)
    USART_RX_STA                             0x20000040   Data           2  usart1.o(.data)
    Hzk                                      0x20000043   Data        1280  oled.o(.data)
    BiaoDing                                 0x20000548   Data           4  hx711.o(.data)
    weight_reset                             0x2000054c   Data           4  hx711.o(.data)
    buff                                     0x20000564   Data          30  main.o(.bss)
    USART2_RX_BUF                            0x20000582   Data         600  usart2.o(.bss)
    USART2_TX_BUF                            0x200007da   Data         600  usart2.o(.bss)
    currentDataPoint                         0x20000a32   Data          16  gizwits_product.o(.bss)
    gizwitsProtocol                          0x20000a44   Data         380  gizwits_protocol.o(.bss)
    pRb                                      0x20000bc0   Data          16  gizwits_protocol.o(.bss)
    __initial_sp                             0x20001040   Data           0  startup_stm32f10x_hd.o(STACK)



==============================================================================

Memory Map of the image

  Image Entry point : 0x08000131

  Load Region LR_IROM1 (Base: 0x08000000, Size: 0x00007d38, Max: 0x00010000, ABSOLUTE, COMPRESSED[0x00007a40])

    Execution Region ER_IROM1 (Exec base: 0x08000000, Load base: 0x08000000, Size: 0x000077d4, Max: 0x00010000, ABSOLUTE)

    Exec Addr    Load Addr    Size         Type   Attr      Idx    E Section Name        Object

    0x08000000   0x08000000   0x00000130   Data   RO            3    RESET               startup_stm32f10x_hd.o
    0x08000130   0x08000130   0x00000000   Code   RO          932  * .ARM.Collect$$$$00000000  mc_w.l(entry.o)
    0x08000130   0x08000130   0x00000004   Code   RO         1216    .ARM.Collect$$$$00000001  mc_w.l(entry2.o)
    0x08000134   0x08000134   0x00000004   Code   RO         1219    .ARM.Collect$$$$00000004  mc_w.l(entry5.o)
    0x08000138   0x08000138   0x00000000   Code   RO         1221    .ARM.Collect$$$$00000008  mc_w.l(entry7b.o)
    0x08000138   0x08000138   0x00000000   Code   RO         1223    .ARM.Collect$$$$0000000A  mc_w.l(entry8b.o)
    0x08000138   0x08000138   0x00000008   Code   RO         1224    .ARM.Collect$$$$0000000B  mc_w.l(entry9a.o)
    0x08000140   0x08000140   0x00000004   Code   RO         1231    .ARM.Collect$$$$0000000E  mc_w.l(entry12b.o)
    0x08000144   0x08000144   0x00000000   Code   RO         1226    .ARM.Collect$$$$0000000F  mc_w.l(entry10a.o)
    0x08000144   0x08000144   0x00000000   Code   RO         1228    .ARM.Collect$$$$00000011  mc_w.l(entry11a.o)
    0x08000144   0x08000144   0x00000004   Code   RO         1217    .ARM.Collect$$$$00002712  mc_w.l(entry2.o)
    0x08000148   0x08000148   0x00000024   Code   RO            4    .text               startup_stm32f10x_hd.o
    0x0800016c   0x0800016c   0x000001e0   Code   RO           24    .text               system_stm32f10x.o
    0x0800034c   0x0800034c   0x000000dc   Code   RO          118    .text               misc.o
    0x08000428   0x08000428   0x0000011c   Code   RO          233    .text               stm32f10x_exti.o
    0x08000544   0x08000544   0x0000035c   Code   RO          269    .text               stm32f10x_gpio.o
    0x080008a0   0x080008a0   0x000003a4   Code   RO          317    .text               stm32f10x_rcc.o
    0x08000c44   0x08000c44   0x00000e1a   Code   RO          367    .text               stm32f10x_tim.o
    0x08001a5e   0x08001a5e   0x00000002   PAD
    0x08001a60   0x08001a60   0x00000408   Code   RO          379    .text               stm32f10x_usart.o
    0x08001e68   0x08001e68   0x0000028c   Code   RO          403    .text               main.o
    0x080020f4   0x080020f4   0x00000018   Code   RO          574    .text               stm32f10x_it.o
    0x0800210c   0x0800210c   0x00000108   Code   RO          589    .text               sys.o
    0x08002214   0x08002214   0x0000016c   Code   RO          606    .text               usart2.o
    0x08002380   0x08002380   0x000000e4   Code   RO          642    .text               usart1.o
    0x08002464   0x08002464   0x000004f8   Code   RO          666    .text               oled.o
    0x0800295c   0x0800295c   0x00000038   Code   RO          711    .text               beep.o
    0x08002994   0x08002994   0x000003a8   Code   RO          726    .text               iic.o
    0x08002d3c   0x08002d3c   0x0000002c   Code   RO          738    .text               key.o
    0x08002d68   0x08002d68   0x0000004c   Code   RO          753    .text               led.o
    0x08002db4   0x08002db4   0x00000158   Code   RO          768    .text               motor.o
    0x08002f0c   0x08002f0c   0x000000f8   Code   RO          783    .text               timer.o
    0x08003004   0x08003004   0x0000002c   Code   RO          800    .text               sensor.o
    0x08003030   0x08003030   0x00000200   Code   RO          815    .text               hx711.o
    0x08003230   0x08003230   0x00000174   Code   RO          833    .text               exti.o
    0x080033a4   0x080033a4   0x00000248   Code   RO          849    .text               gizwits_product.o
    0x080035ec   0x080035ec   0x00001b14   Code   RO          873    .text               gizwits_protocol.o
    0x08005100   0x08005100   0x00000398   Code   RO          895    .text               common.o
    0x08005498   0x08005498   0x0000034c   Code   RO          908    .text               datapointtools.o
    0x080057e4   0x080057e4   0x000001ce   Code   RO          920    .text               ringbuffer.o
    0x080059b2   0x080059b2   0x0000000c   Code   RO          935    .text               mc_w.l(toupper.o)
    0x080059be   0x080059be   0x00000024   Code   RO          937    .text               mc_w.l(memcpya.o)
    0x080059e2   0x080059e2   0x00000024   Code   RO          939    .text               mc_w.l(memseta.o)
    0x08005a06   0x08005a06   0x0000000e   Code   RO          941    .text               mc_w.l(strlen.o)
    0x08005a14   0x08005a14   0x000000b0   Code   RO         1206    .text               mf_w.l(fadd.o)
    0x08005ac4   0x08005ac4   0x00000064   Code   RO         1208    .text               mf_w.l(fmul.o)
    0x08005b28   0x08005b28   0x0000007c   Code   RO         1210    .text               mf_w.l(fdiv.o)
    0x08005ba4   0x08005ba4   0x0000000a   Code   RO         1212    .text               mf_w.l(ffltui.o)
    0x08005bae   0x08005bae   0x00000028   Code   RO         1214    .text               mf_w.l(ffixui.o)
    0x08005bd6   0x08005bd6   0x0000002c   Code   RO         1232    .text               mc_w.l(uidiv.o)
    0x08005c02   0x08005c02   0x00000062   Code   RO         1234    .text               mc_w.l(uldiv.o)
    0x08005c64   0x08005c64   0x00000000   Code   RO         1236    .text               mc_w.l(iusefp.o)
    0x08005c64   0x08005c64   0x0000006e   Code   RO         1237    .text               mf_w.l(fepilogue.o)
    0x08005cd2   0x08005cd2   0x0000014e   Code   RO         1239    .text               mf_w.l(dadd.o)
    0x08005e20   0x08005e20   0x000000e4   Code   RO         1241    .text               mf_w.l(dmul.o)
    0x08005f04   0x08005f04   0x000000de   Code   RO         1243    .text               mf_w.l(ddiv.o)
    0x08005fe2   0x08005fe2   0x00000030   Code   RO         1245    .text               mf_w.l(dfixul.o)
    0x08006012   0x08006012   0x00000002   PAD
    0x08006014   0x08006014   0x00000030   Code   RO         1247    .text               mf_w.l(cdrcmple.o)
    0x08006044   0x08006044   0x00000024   Code   RO         1249    .text               mc_w.l(init.o)
    0x08006068   0x08006068   0x0000001e   Code   RO         1251    .text               mc_w.l(llshl.o)
    0x08006086   0x08006086   0x00000020   Code   RO         1253    .text               mc_w.l(llushr.o)
    0x080060a6   0x080060a6   0x00000024   Code   RO         1255    .text               mc_w.l(llsshr.o)
    0x080060ca   0x080060ca   0x000000ba   Code   RO         1257    .text               mf_w.l(depilogue.o)
    0x08006184   0x08006184   0x00000056   Code   RO         1267    .text               mc_w.l(__dczerorl2.o)
    0x080061da   0x080061da   0x00000002   PAD
    0x080061dc   0x080061dc   0x00000020   Code   RO         1152    i.__0printf$8       mc_w.l(printf8.o)
    0x080061fc   0x080061fc   0x00000028   Code   RO         1154    i.__0sprintf$8      mc_w.l(printf8.o)
    0x08006224   0x08006224   0x00000024   Code   RO         1184    i.__0vsprintf       mc_w.l(printfa.o)
    0x08006248   0x08006248   0x0000000e   Code   RO         1261    i.__scatterload_copy  mc_w.l(handlers.o)
    0x08006256   0x08006256   0x00000002   Code   RO         1262    i.__scatterload_null  mc_w.l(handlers.o)
    0x08006258   0x08006258   0x0000000e   Code   RO         1263    i.__scatterload_zeroinit  mc_w.l(handlers.o)
    0x08006266   0x08006266   0x00000002   PAD
    0x08006268   0x08006268   0x00000184   Code   RO         1185    i._fp_digits        mc_w.l(printfa.o)
    0x080063ec   0x080063ec   0x00000404   Code   RO         1159    i._printf_core      mc_w.l(printf8.o)
    0x080067f0   0x080067f0   0x000006b4   Code   RO         1186    i._printf_core      mc_w.l(printfa.o)
    0x08006ea4   0x08006ea4   0x00000024   Code   RO         1160    i._printf_post_padding  mc_w.l(printf8.o)
    0x08006ec8   0x08006ec8   0x00000024   Code   RO         1187    i._printf_post_padding  mc_w.l(printfa.o)
    0x08006eec   0x08006eec   0x0000002e   Code   RO         1161    i._printf_pre_padding  mc_w.l(printf8.o)
    0x08006f1a   0x08006f1a   0x0000002e   Code   RO         1188    i._printf_pre_padding  mc_w.l(printfa.o)
    0x08006f48   0x08006f48   0x0000000a   Code   RO         1163    i._sputc            mc_w.l(printf8.o)
    0x08006f52   0x08006f52   0x0000000a   Code   RO         1190    i._sputc            mc_w.l(printfa.o)
    0x08006f5c   0x08006f5c   0x00000828   Data   RO          667    .constdata          oled.o
    0x08007784   0x08007784   0x00000030   Data   RO          896    .constdata          common.o
    0x080077b4   0x080077b4   0x00000020   Data   RO         1259    Region$$Table       anon$$obj.o


    Execution Region RW_IRAM1 (Exec base: 0x20000000, Load base: 0x080077d4, Size: 0x00001040, Max: 0x00005000, ABSOLUTE, COMPRESSED[0x0000026c])

    Exec Addr    Load Addr    Size         Type   Attr      Idx    E Section Name        Object

    0x20000000   COMPRESSED   0x00000014   Data   RW           25    .data               system_stm32f10x.o
    0x20000014   COMPRESSED   0x00000014   Data   RW          318    .data               stm32f10x_rcc.o
    0x20000028   COMPRESSED   0x0000000b   Data   RW          405    .data               main.o
    0x20000033   COMPRESSED   0x00000001   PAD
    0x20000034   COMPRESSED   0x00000004   Data   RW          590    .data               sys.o
    0x20000038   COMPRESSED   0x0000000b   Data   RW          644    .data               usart1.o
    0x20000043   COMPRESSED   0x00000500   Data   RW          668    .data               oled.o
    0x20000543   COMPRESSED   0x00000002   Data   RW          784    .data               timer.o
    0x20000545   COMPRESSED   0x00000003   PAD
    0x20000548   COMPRESSED   0x00000008   Data   RW          816    .data               hx711.o
    0x20000550   COMPRESSED   0x00000004   Data   RW          851    .data               gizwits_product.o
    0x20000554   COMPRESSED   0x00000010   Data   RW          875    .data               gizwits_protocol.o
    0x20000564        -       0x0000001e   Zero   RW          404    .bss                main.o
    0x20000582        -       0x000004b0   Zero   RW          607    .bss                usart2.o
    0x20000a32        -       0x00000010   Zero   RW          850    .bss                gizwits_product.o
    0x20000a42   COMPRESSED   0x00000002   PAD
    0x20000a44        -       0x000001fa   Zero   RW          874    .bss                gizwits_protocol.o
    0x20000c3e   COMPRESSED   0x00000002   PAD
    0x20000c40        -       0x00000400   Zero   RW            1    STACK               startup_stm32f10x_hd.o


==============================================================================

Image component sizes


      Code (inc. data)   RO Data    RW Data    ZI Data      Debug   Object Name

        56          6          0          0          0        532   beep.o
       920         10         48          0          0       4361   common.o
         0          0          0          0          0       4500   core_cm3.o
       844          0          0          0          0       5490   datapointtools.o
       372         18          0          0          0        896   exti.o
       584        208          0          4         16       3354   gizwits_product.o
      6932       2218          0         16        506      12394   gizwits_protocol.o
       512         18          0          8          0       2508   hx711.o
       936          6          0          0          0       3830   iic.o
        44          6          0          0          0        527   key.o
        76         10          0          0          0        531   led.o
       652         54          0         11         30     205406   main.o
       220         22          0          0          0       1881   misc.o
       344         22          0          0          0        975   motor.o
      1272         14       2088       1280          0       6330   oled.o
       462          0          0          0          0       2743   ringbuffer.o
        44          4          0          0          0        538   sensor.o
        36          8        304          0       1024        884   startup_stm32f10x_hd.o
       284         10          0          0          0       2339   stm32f10x_exti.o
       860         38          0          0          0       5817   stm32f10x_gpio.o
        24          0          0          0          0       1154   stm32f10x_it.o
       932         36          0         20          0       9040   stm32f10x_rcc.o
      3610         88          0          0          0      22924   stm32f10x_tim.o
      1032         22          0          0          0       8540   stm32f10x_usart.o
       264         16          0          4          0       1556   sys.o
       480         38          0         20          0     251415   system_stm32f10x.o
       248         16          0          2          0        932   timer.o
       228         10          0         11          0       3337   usart1.o
       364         14          0          0       1200      11362   usart2.o

    ----------------------------------------------------------------------
     22634       2912       2472       1380       2780     576096   Object Totals
         0          0         32          0          0          0   (incl. Generated)
         2          0          0          4          4          0   (incl. Padding)

    ----------------------------------------------------------------------

      Code (inc. data)   RO Data    RW Data    ZI Data      Debug   Library Member Name

        86          0          0          0          0          0   __dczerorl2.o
         0          0          0          0          0          0   entry.o
         0          0          0          0          0          0   entry10a.o
         0          0          0          0          0          0   entry11a.o
         4          0          0          0          0          0   entry12b.o
         8          4          0          0          0          0   entry2.o
         4          0          0          0          0          0   entry5.o
         0          0          0          0          0          0   entry7b.o
         0          0          0          0          0          0   entry8b.o
         8          4          0          0          0          0   entry9a.o
        30          0          0          0          0          0   handlers.o
        36          8          0          0          0         68   init.o
         0          0          0          0          0          0   iusefp.o
        30          0          0          0          0         68   llshl.o
        36          0          0          0          0         68   llsshr.o
        32          0          0          0          0         68   llushr.o
        36          0          0          0          0         68   memcpya.o
        36          0          0          0          0        108   memseta.o
      1192         60          0          0          0        504   printf8.o
      2232         86          0          0          0        528   printfa.o
        14          0          0          0          0         68   strlen.o
        12          0          0          0          0         68   toupper.o
        44          0          0          0          0         80   uidiv.o
        98          0          0          0          0         92   uldiv.o
        48          0          0          0          0         68   cdrcmple.o
       334          0          0          0          0        148   dadd.o
       222          0          0          0          0        100   ddiv.o
       186          0          0          0          0        176   depilogue.o
        48          0          0          0          0         68   dfixul.o
       228          0          0          0          0         96   dmul.o
       176          0          0          0          0        140   fadd.o
       124          0          0          0          0         88   fdiv.o
       110          0          0          0          0        168   fepilogue.o
        40          0          0          0          0         68   ffixui.o
        10          0          0          0          0         68   ffltui.o
       100          0          0          0          0         76   fmul.o

    ----------------------------------------------------------------------
      5570        162          0          0          0       3052   Library Totals
         6          0          0          0          0          0   (incl. Padding)

    ----------------------------------------------------------------------

      Code (inc. data)   RO Data    RW Data    ZI Data      Debug   Library Name

      3938        162          0          0          0       1788   mc_w.l
      1626          0          0          0          0       1264   mf_w.l

    ----------------------------------------------------------------------
      5570        162          0          0          0       3052   Library Totals

    ----------------------------------------------------------------------

==============================================================================


      Code (inc. data)   RO Data    RW Data    ZI Data      Debug   

     28204       3074       2472       1380       2780     575428   Grand Totals
     28204       3074       2472        620       2780     575428   ELF Image Totals (compressed)
     28204       3074       2472        620          0          0   ROM Totals

==============================================================================

    Total RO  Size (Code + RO Data)                30676 (  29.96kB)
    Total RW  Size (RW Data + ZI Data)              4160 (   4.06kB)
    Total ROM Size (Code + RO Data + RW Data)      31296 (  30.56kB)

==============================================================================

